../Core/Src/main.c:215:5:_write	32	static
../Core/Src/main.c:230:6:update_ypast	16	static
../Core/Src/main.c:237:6:setPulseFromDutyValue	32	static
../Core/Src/main.c:255:8:getSpeedByDelta	32	static
../Core/Src/main.c:260:8:getTicksDelta	48	static
../Core/Src/main.c:275:6:matsum	88	static
../Core/Src/main.c:289:6:scalprod	80	static
../Core/Src/main.c:303:6:matprod	96	static
../Core/Src/main.c:328:5:main	1016	static
../Core/Src/main.c:473:6:SystemClock_Config	88	static
../Core/Src/main.c:520:13:MX_TIM1_Init	56	static
../Core/Src/main.c:570:13:MX_TIM3_Init	64	static
../Core/Src/main.c:633:13:MX_USART2_UART_Init	8	static
../Core/Src/main.c:666:13:MX_GPIO_Init	40	static
../Core/Src/main.c:693:6:Error_Handler	4	static,ignoring_inline_asm
